
Running 1 test using 1 worker

  Ô£ÿ  1 [chromium] ÔÇ║ e2e\tests\simulation-complete.spec.ts:8:9 ÔÇ║ Parcours Simulation Compl├¿te ÔÇ║ Simulation Nom Propre - Location Nue (11.1s)


  1) [chromium] ÔÇ║ e2e\tests\simulation-complete.spec.ts:8:9 ÔÇ║ Parcours Simulation Compl├¿te ÔÇ║ Simulation Nom Propre - Location Nue 

    Error: [2mexpect([22m[31mlocator[39m[2m).[22mtoBeVisible[2m([22m[2m)[22m failed

    Locator: getByText('Type de bien')
    Expected: visible
    Timeout: 5000ms
    Error: element(s) not found

    Call log:
    [2m  - Expect "toBeVisible" with timeout 5000ms[22m
    [2m  - waiting for getByText('Type de bien')[22m


       8 |     test('Simulation Nom Propre - Location Nue', async ({ page }) => {
       9 |         // Validation ├®tape 1: Le bien
    > 10 |         await expect(page.getByText('Type de bien')).toBeVisible();
         |                                                      ^
      11 |         await page.getByPlaceholder('Ex: 150000').fill('150000'); // Prix
      12 |         await page.getByPlaceholder('Ex: 15').fill('15'); // Surface
      13 |         await page.getByRole('button', { name: 'Suivant' }).click();
        at D:\Devs\Renta_Immo\e2e\tests\simulation-complete.spec.ts:10:54

    attachment #1: screenshot (image/png) ÔöÇÔöÇÔöÇÔöÇÔöÇÔöÇÔöÇÔöÇÔöÇÔöÇÔöÇÔöÇÔöÇÔöÇÔöÇÔöÇÔöÇÔöÇÔöÇÔöÇÔöÇÔöÇÔöÇÔöÇÔöÇÔöÇÔöÇÔöÇÔöÇÔöÇÔöÇÔöÇÔöÇÔöÇÔöÇÔöÇÔöÇÔöÇÔöÇÔöÇÔöÇÔöÇÔöÇÔöÇÔöÇÔöÇÔöÇÔöÇÔöÇÔöÇÔöÇÔöÇÔöÇÔöÇÔöÇÔöÇÔöÇÔöÇ
    test-results\simulation-complete-Parcou-159a3-n-Nom-Propre---Location-Nue-chromium\test-failed-1.png
    ÔöÇÔöÇÔöÇÔöÇÔöÇÔöÇÔöÇÔöÇÔöÇÔöÇÔöÇÔöÇÔöÇÔöÇÔöÇÔöÇÔöÇÔöÇÔöÇÔöÇÔöÇÔöÇÔöÇÔöÇÔöÇÔöÇÔöÇÔöÇÔöÇÔöÇÔöÇÔöÇÔöÇÔöÇÔöÇÔöÇÔöÇÔöÇÔöÇÔöÇÔöÇÔöÇÔöÇÔöÇÔöÇÔöÇÔöÇÔöÇÔöÇÔöÇÔöÇÔöÇÔöÇÔöÇÔöÇÔöÇÔöÇÔöÇÔöÇÔöÇÔöÇÔöÇÔöÇÔöÇÔöÇÔöÇÔöÇÔöÇÔöÇÔöÇÔöÇÔöÇÔöÇÔöÇÔöÇÔöÇÔöÇÔöÇÔöÇÔöÇÔöÇÔöÇÔöÇÔöÇÔöÇÔöÇÔöÇÔöÇÔöÇÔöÇÔöÇÔöÇÔöÇÔöÇÔöÇÔöÇ

    Error Context: test-results\simulation-complete-Parcou-159a3-n-Nom-Propre---Location-Nue-chromium\error-context.md

  1 failed
    [chromium] ÔÇ║ e2e\tests\simulation-complete.spec.ts:8:9 ÔÇ║ Parcours Simulation Compl├¿te ÔÇ║ Simulation Nom Propre - Location Nue 
